// Jest Snapshot v1, https://goo.gl/fbAQLP

exports[`renders correctly 1`] = `
<View>
  <Text>
     Hello rutuja!11 
  </Text>
</View>
`;
